Java HotSpot(TM) 64-Bit Server VM warning: Sharing is only supported for boot loader classes because bootstrap classpath has been appended
[INFO] Scanning for projects...
[INFO]   from pom.xml
[INFO] Deleting C:\Users\Admin\Documents\NetBeansProjects\Library_RSSP_SDK\ProjectRSSP_newest\MOHA_SIMULATOR\target
[INFO] Copying 2 resources from src\main\resources to target\classes
[INFO] Copying 0 resource from src\main\resources to target\classes
[INFO] Changes detected - recompiling the module! :source
[INFO] Compiling 128 source files with javac [debug release 17] to target\classes
[INFO] Copying 2 resources from src\test\resources to target\test-classes
[INFO] Changes detected - recompiling the module! :dependency
[INFO] Compiling 21 source files with javac [debug release 17] to target\test-classes
[INFO] Using auto detected provider org.apache.maven.surefire.junitplatform.JUnitPlatformProvider
[INFO]  T E S T S
[INFO] Running com.example.hdld.application.usecase.AuthenticateUseCaseTest
[INFO] Tests run: 3, Failures: 0, Errors: 0, Skipped: 0, Time elapsed: 1.481 s -- in com.example.hdld.application.usecase.AuthenticateUseCaseTest
[INFO] Running com.example.hdld.application.usecase.BulkCreateContractUseCaseTest
[INFO] Tests run: 4, Failures: 0, Errors: 0, Skipped: 0, Time elapsed: 0.188 s -- in com.example.hdld.application.usecase.BulkCreateContractUseCaseTest
[INFO] Running com.example.hdld.application.usecase.ChangePasswordUseCaseTest
[INFO] Tests run: 3, Failures: 0, Errors: 0, Skipped: 0, Time elapsed: 0.028 s -- in com.example.hdld.application.usecase.ChangePasswordUseCaseTest
[INFO] Running com.example.hdld.application.usecase.CheckTransactionUseCaseTest
[INFO] Tests run: 2, Failures: 0, Errors: 0, Skipped: 0, Time elapsed: 0.049 s -- in com.example.hdld.application.usecase.CheckTransactionUseCaseTest
[INFO] Running com.example.hdld.application.usecase.CreateContractUseCaseTest
[INFO] Tests run: 3, Failures: 0, Errors: 0, Skipped: 0, Time elapsed: 0.129 s -- in com.example.hdld.application.usecase.CreateContractUseCaseTest
[INFO] Running com.example.hdld.application.usecase.CreateEnterpriseUseCaseTest
[INFO] Tests run: 3, Failures: 0, Errors: 0, Skipped: 0, Time elapsed: 0.045 s -- in com.example.hdld.application.usecase.CreateEnterpriseUseCaseTest
[INFO] Running com.example.hdld.application.usecase.UploadAttachmentUseCaseTest
[INFO] Tests run: 5, Failures: 0, Errors: 0, Skipped: 0, Time elapsed: 0.197 s -- in com.example.hdld.application.usecase.UploadAttachmentUseCaseTest
[INFO] Running com.example.hdld.domain.service.ContractDomainServiceTest
[INFO] Tests run: 19, Failures: 0, Errors: 0, Skipped: 0, Time elapsed: 0.049 s -- in com.example.hdld.domain.service.ContractDomainServiceTest
[INFO] Running com.example.hdld.domain.service.EnterpriseDomainServiceTest
[INFO] Tests run: 10, Failures: 0, Errors: 0, Skipped: 0, Time elapsed: 0.043 s -- in com.example.hdld.domain.service.EnterpriseDomainServiceTest
[INFO] Running com.example.hdld.domain.valueobject.ContractUuidTest
[INFO] Tests run: 6, Failures: 0, Errors: 0, Skipped: 0, Time elapsed: 0.018 s -- in com.example.hdld.domain.valueobject.ContractUuidTest
[INFO] Running com.example.hdld.domain.valueobject.EmailTest
[INFO] Tests run: 5, Failures: 0, Errors: 0, Skipped: 0, Time elapsed: 0.009 s -- in com.example.hdld.domain.valueobject.EmailTest
[INFO] Running com.example.hdld.domain.valueobject.EnterpriseUuidTest
[INFO] Tests run: 6, Failures: 0, Errors: 0, Skipped: 0, Time elapsed: 0.011 s -- in com.example.hdld.domain.valueobject.EnterpriseUuidTest
[INFO] Running com.example.hdld.domain.valueobject.TaxCodeTest
[INFO] Tests run: 6, Failures: 0, Errors: 0, Skipped: 0, Time elapsed: 0.013 s -- in com.example.hdld.domain.valueobject.TaxCodeTest
[INFO] Running com.example.hdld.domain.valueobject.TransactionIdTest
[INFO] Tests run: 6, Failures: 0, Errors: 0, Skipped: 0, Time elapsed: 0.011 s -- in com.example.hdld.domain.valueobject.TransactionIdTest
[INFO] Running com.example.hdld.integration.AttachmentControllerIntegrationTest
04:53:06.402 [main] INFO org.springframework.test.context.support.AnnotationConfigContextLoaderUtils -- Could not detect default configuration classes for test class [com.example.hdld.integration.AttachmentControllerIntegrationTest]: AttachmentControllerIntegrationTest does not declare any static, non-private, non-final, nested classes annotated with @Configuration.
04:53:06.584 [main] INFO org.springframework.boot.test.context.SpringBootTestContextBootstrapper -- Found @SpringBootConfiguration com.example.hdld.HdldApplication for test class com.example.hdld.integration.AttachmentControllerIntegrationTest
  .   ____          _            __ _ _
 /\\ / ___'_ __ _ _(_)_ __  __ _ \ \ \ \
( ( )\___ | '_ | '_| | '_ \/ _` | \ \ \ \
 \\/  ___)| |_)| | | | | || (_| |  ) ) ) )
  '  |____| .__|_| |_|_| |_\__, | / / / /
 =========|_|==============|___/=/_/_/_/
 :: Spring Boot ::               (v3.2.12)
... (20 lines truncated)
